// Jest Snapshot v1, https://goo.gl/fbAQLP

exports[`convertMeshToTriangles converts a Three.Mesh with non-instanced geometry to Triangles 1`] = `
Array [
  Triangle {
    "a": Vector3 {
      "x": 5,
      "y": 6,
      "z": 0.5000000000000013,
    },
    "b": Vector3 {
      "x": 5,
      "y": -2,
      "z": 0.5000000000000013,
    },
    "c": Vector3 {
      "x": -2.9999999999999987,
      "y": 6,
      "z": 0.49999999999999956,
    },
    "normal": Vector3 {
      "x": 2.2204460492503136e-16,
      "y": 0,
      "z": -1,
    },
    "w": -0.5000000000000002,
  },
  Triangle {
    "a": Vector3 {
      "x": 5,
      "y": -2,
      "z": 0.5000000000000013,
    },
    "b": Vector3 {
      "x": -2.9999999999999987,
      "y": -2,
      "z": 0.49999999999999956,
    },
    "c": Vector3 {
      "x": -2.9999999999999987,
      "y": 6,
      "z": 0.49999999999999956,
    },
    "normal": Vector3 {
      "x": 2.2204460492503136e-16,
      "y": 0,
      "z": -1,
    },
    "w": -0.5000000000000002,
  },
  Triangle {
    "a": Vector3 {
      "x": -2.9999999999999996,
      "y": 6,
      "z": 5.499999999999998,
    },
    "b": Vector3 {
      "x": -2.9999999999999996,
      "y": -2,
      "z": 5.499999999999998,
    },
    "c": Vector3 {
      "x": 4.999999999999998,
      "y": 6,
      "z": 5.5,
    },
    "normal": Vector3 {
      "x": -2.2204460492503136e-16,
      "y": 0,
      "z": 1,
    },
    "w": 5.499999999999999,
  },
  Triangle {
    "a": Vector3 {
      "x": -2.9999999999999996,
      "y": -2,
      "z": 5.499999999999998,
    },
    "b": Vector3 {
      "x": 4.999999999999998,
      "y": -2,
      "z": 5.5,
    },
    "c": Vector3 {
      "x": 4.999999999999998,
      "y": 6,
      "z": 5.5,
    },
    "normal": Vector3 {
      "x": -2.2204460492503136e-16,
      "y": 0,
      "z": 1,
    },
    "w": 5.499999999999999,
  },
  Triangle {
    "a": Vector3 {
      "x": -2.9999999999999996,
      "y": 6,
      "z": 5.499999999999998,
    },
    "b": Vector3 {
      "x": 4.999999999999998,
      "y": 6,
      "z": 5.5,
    },
    "c": Vector3 {
      "x": -2.9999999999999987,
      "y": 6,
      "z": 0.49999999999999956,
    },
    "normal": Vector3 {
      "x": -0,
      "y": 0.9999999999999999,
      "z": 0,
    },
    "w": 5.999999999999999,
  },
  Triangle {
    "a": Vector3 {
      "x": 4.999999999999998,
      "y": 6,
      "z": 5.5,
    },
    "b": Vector3 {
      "x": 5,
      "y": 6,
      "z": 0.5000000000000013,
    },
    "c": Vector3 {
      "x": -2.9999999999999987,
      "y": 6,
      "z": 0.49999999999999956,
    },
    "normal": Vector3 {
      "x": 0,
      "y": 0.9999999999999999,
      "z": 0,
    },
    "w": 5.999999999999999,
  },
  Triangle {
    "a": Vector3 {
      "x": 4.999999999999998,
      "y": -2,
      "z": 5.5,
    },
    "b": Vector3 {
      "x": -2.9999999999999996,
      "y": -2,
      "z": 5.499999999999998,
    },
    "c": Vector3 {
      "x": 5,
      "y": -2,
      "z": 0.5000000000000013,
    },
    "normal": Vector3 {
      "x": 0,
      "y": -0.9999999999999999,
      "z": -0,
    },
    "w": 1.9999999999999998,
  },
  Triangle {
    "a": Vector3 {
      "x": -2.9999999999999996,
      "y": -2,
      "z": 5.499999999999998,
    },
    "b": Vector3 {
      "x": -2.9999999999999987,
      "y": -2,
      "z": 0.49999999999999956,
    },
    "c": Vector3 {
      "x": 5,
      "y": -2,
      "z": 0.5000000000000013,
    },
    "normal": Vector3 {
      "x": 0,
      "y": -0.9999999999999999,
      "z": 0,
    },
    "w": 1.9999999999999998,
  },
  Triangle {
    "a": Vector3 {
      "x": 4.999999999999998,
      "y": 6,
      "z": 5.5,
    },
    "b": Vector3 {
      "x": 4.999999999999998,
      "y": -2,
      "z": 5.5,
    },
    "c": Vector3 {
      "x": 5,
      "y": 6,
      "z": 0.5000000000000013,
    },
    "normal": Vector3 {
      "x": 1,
      "y": 0,
      "z": 3.552713678800502e-16,
    },
    "w": 5,
  },
  Triangle {
    "a": Vector3 {
      "x": 4.999999999999998,
      "y": -2,
      "z": 5.5,
    },
    "b": Vector3 {
      "x": 5,
      "y": -2,
      "z": 0.5000000000000013,
    },
    "c": Vector3 {
      "x": 5,
      "y": 6,
      "z": 0.5000000000000013,
    },
    "normal": Vector3 {
      "x": 1,
      "y": 0,
      "z": 3.552713678800502e-16,
    },
    "w": 5,
  },
  Triangle {
    "a": Vector3 {
      "x": -2.9999999999999987,
      "y": 6,
      "z": 0.49999999999999956,
    },
    "b": Vector3 {
      "x": -2.9999999999999987,
      "y": -2,
      "z": 0.49999999999999956,
    },
    "c": Vector3 {
      "x": -2.9999999999999996,
      "y": 6,
      "z": 5.499999999999998,
    },
    "normal": Vector3 {
      "x": -1,
      "y": -0,
      "z": -1.776356839400251e-16,
    },
    "w": 2.9999999999999987,
  },
  Triangle {
    "a": Vector3 {
      "x": -2.9999999999999987,
      "y": -2,
      "z": 0.49999999999999956,
    },
    "b": Vector3 {
      "x": -2.9999999999999996,
      "y": -2,
      "z": 5.499999999999998,
    },
    "c": Vector3 {
      "x": -2.9999999999999996,
      "y": 6,
      "z": 5.499999999999998,
    },
    "normal": Vector3 {
      "x": -1,
      "y": 0,
      "z": -1.776356839400251e-16,
    },
    "w": 2.9999999999999987,
  },
]
`;
